Archive member included to satisfy reference by file (symbol)

/Applications/STMicroelectronics/STM32CubeIDE.app/Contents/Eclipse/plugins/com.st.stm32cube.ide.mcu.externaltools.gnu-tools-for-stm32.13.3.rel1.macos64_1.0.0.202411102158/tools/bin/../lib/gcc/arm-none-eabi/13.3.1/../../../../arm-none-eabi/lib/thumb/v8-m.main+fp/hard/libc_nano.a(libc_a-exit.o)
                              /Applications/STMicroelectronics/STM32CubeIDE.app/Contents/Eclipse/plugins/com.st.stm32cube.ide.mcu.externaltools.gnu-tools-for-stm32.13.3.rel1.macos64_1.0.0.202411102158/tools/bin/../lib/gcc/arm-none-eabi/13.3.1/../../../../arm-none-eabi/lib/thumb/v8-m.main+fp/hard/crt0.o (exit)
/Applications/STMicroelectronics/STM32CubeIDE.app/Contents/Eclipse/plugins/com.st.stm32cube.ide.mcu.externaltools.gnu-tools-for-stm32.13.3.rel1.macos64_1.0.0.202411102158/tools/bin/../lib/gcc/arm-none-eabi/13.3.1/../../../../arm-none-eabi/lib/thumb/v8-m.main+fp/hard/libc_nano.a(libc_a-findfp.o)
                              /Applications/STMicroelectronics/STM32CubeIDE.app/Contents/Eclipse/plugins/com.st.stm32cube.ide.mcu.externaltools.gnu-tools-for-stm32.13.3.rel1.macos64_1.0.0.202411102158/tools/bin/../lib/gcc/arm-none-eabi/13.3.1/../../../../arm-none-eabi/lib/thumb/v8-m.main+fp/hard/libc_nano.a(libc_a-exit.o) (__stdio_exit_handler)
/Applications/STMicroelectronics/STM32CubeIDE.app/Contents/Eclipse/plugins/com.st.stm32cube.ide.mcu.externaltools.gnu-tools-for-stm32.13.3.rel1.macos64_1.0.0.202411102158/tools/bin/../lib/gcc/arm-none-eabi/13.3.1/../../../../arm-none-eabi/lib/thumb/v8-m.main+fp/hard/libc_nano.a(libc_a-fwalk.o)
                              /Applications/STMicroelectronics/STM32CubeIDE.app/Contents/Eclipse/plugins/com.st.stm32cube.ide.mcu.externaltools.gnu-tools-for-stm32.13.3.rel1.macos64_1.0.0.202411102158/tools/bin/../lib/gcc/arm-none-eabi/13.3.1/../../../../arm-none-eabi/lib/thumb/v8-m.main+fp/hard/libc_nano.a(libc_a-findfp.o) (_fwalk_sglue)
/Applications/STMicroelectronics/STM32CubeIDE.app/Contents/Eclipse/plugins/com.st.stm32cube.ide.mcu.externaltools.gnu-tools-for-stm32.13.3.rel1.macos64_1.0.0.202411102158/tools/bin/../lib/gcc/arm-none-eabi/13.3.1/../../../../arm-none-eabi/lib/thumb/v8-m.main+fp/hard/libc_nano.a(libc_a-memset.o)
                              /Applications/STMicroelectronics/STM32CubeIDE.app/Contents/Eclipse/plugins/com.st.stm32cube.ide.mcu.externaltools.gnu-tools-for-stm32.13.3.rel1.macos64_1.0.0.202411102158/tools/bin/../lib/gcc/arm-none-eabi/13.3.1/../../../../arm-none-eabi/lib/thumb/v8-m.main+fp/hard/crt0.o (memset)
/Applications/STMicroelectronics/STM32CubeIDE.app/Contents/Eclipse/plugins/com.st.stm32cube.ide.mcu.externaltools.gnu-tools-for-stm32.13.3.rel1.macos64_1.0.0.202411102158/tools/bin/../lib/gcc/arm-none-eabi/13.3.1/../../../../arm-none-eabi/lib/thumb/v8-m.main+fp/hard/libc_nano.a(libc_a-errno.o)
                              ./Src/syscalls.o (__errno)
/Applications/STMicroelectronics/STM32CubeIDE.app/Contents/Eclipse/plugins/com.st.stm32cube.ide.mcu.externaltools.gnu-tools-for-stm32.13.3.rel1.macos64_1.0.0.202411102158/tools/bin/../lib/gcc/arm-none-eabi/13.3.1/../../../../arm-none-eabi/lib/thumb/v8-m.main+fp/hard/libc_nano.a(libc_a-init.o)
                              /Applications/STMicroelectronics/STM32CubeIDE.app/Contents/Eclipse/plugins/com.st.stm32cube.ide.mcu.externaltools.gnu-tools-for-stm32.13.3.rel1.macos64_1.0.0.202411102158/tools/bin/../lib/gcc/arm-none-eabi/13.3.1/../../../../arm-none-eabi/lib/thumb/v8-m.main+fp/hard/crt0.o (__libc_init_array)
/Applications/STMicroelectronics/STM32CubeIDE.app/Contents/Eclipse/plugins/com.st.stm32cube.ide.mcu.externaltools.gnu-tools-for-stm32.13.3.rel1.macos64_1.0.0.202411102158/tools/bin/../lib/gcc/arm-none-eabi/13.3.1/../../../../arm-none-eabi/lib/thumb/v8-m.main+fp/hard/libc_nano.a(libc_a-lock.o)
                              /Applications/STMicroelectronics/STM32CubeIDE.app/Contents/Eclipse/plugins/com.st.stm32cube.ide.mcu.externaltools.gnu-tools-for-stm32.13.3.rel1.macos64_1.0.0.202411102158/tools/bin/../lib/gcc/arm-none-eabi/13.3.1/../../../../arm-none-eabi/lib/thumb/v8-m.main+fp/hard/libc_nano.a(libc_a-findfp.o) (__retarget_lock_init_recursive)
/Applications/STMicroelectronics/STM32CubeIDE.app/Contents/Eclipse/plugins/com.st.stm32cube.ide.mcu.externaltools.gnu-tools-for-stm32.13.3.rel1.macos64_1.0.0.202411102158/tools/bin/../lib/gcc/arm-none-eabi/13.3.1/../../../../arm-none-eabi/lib/thumb/v8-m.main+fp/hard/libc_nano.a(libc_a-impure.o)
                              /Applications/STMicroelectronics/STM32CubeIDE.app/Contents/Eclipse/plugins/com.st.stm32cube.ide.mcu.externaltools.gnu-tools-for-stm32.13.3.rel1.macos64_1.0.0.202411102158/tools/bin/../lib/gcc/arm-none-eabi/13.3.1/../../../../arm-none-eabi/lib/thumb/v8-m.main+fp/hard/libc_nano.a(libc_a-errno.o) (_impure_ptr)
[...]
Memory Configuration

Name             Origin             Length             Attributes
RAM              0x20000000         0x00030000         xrw
RAM2             0x20030000         0x00010000         xrw
FLASH            0x08000000         0x00080000         xr
*default*        0x00000000         0xffffffff

Linker script and memory map

LOAD /Applications/STMicroelectronics/STM32CubeIDE.app/Contents/Eclipse/plugins/com.st.stm32cube.ide.mcu.externaltools.gnu-tools-for-stm32.13.3.rel1.macos64_1.0.0.202411102158/tools/bin/../lib/gcc/arm-none-eabi/13.3.1/thumb/v8-m.main+fp/hard/crti.o
LOAD /Applications/STMicroelectronics/STM32CubeIDE.app/Contents/Eclipse/plugins/com.st.stm32cube.ide.mcu.externaltools.gnu-tools-for-stm32.13.3.rel1.macos64_1.0.0.202411102158/tools/bin/../lib/gcc/arm-none-eabi/13.3.1/thumb/v8-m.main+fp/hard/crtbegin.o
LOAD /Applications/STMicroelectronics/STM32CubeIDE.app/Contents/Eclipse/plugins/com.st.stm32cube.ide.mcu.externaltools.gnu-tools-for-stm32.13.3.rel1.macos64_1.0.0.202411102158/tools/bin/../lib/gcc/arm-none-eabi/13.3.1/../../../../arm-none-eabi/lib/thumb/v8-m.main+fp/hard/crt0.o
LOAD ./Drivers/STM32L5xx_HAL_Driver/Src/stm32l5xx_hal.o
LOAD ./Drivers/STM32L5xx_HAL_Driver/Src/stm32l5xx_hal_cortex.o
LOAD ./Drivers/STM32L5xx_HAL_Driver/Src/stm32l5xx_hal_dma.o
LOAD ./Drivers/STM32L5xx_HAL_Driver/Src/stm32l5xx_hal_dma_ex.o
LOAD ./Drivers/STM32L5xx_HAL_Driver/Src/stm32l5xx_hal_exti.o
LOAD ./Drivers/STM32L5xx_HAL_Driver/Src/stm32l5xx_hal_flash.o
LOAD ./Drivers/STM32L5xx_HAL_Driver/Src/stm32l5xx_hal_flash_ex.o
LOAD ./Drivers/STM32L5xx_HAL_Driver/Src/stm32l5xx_hal_flash_ramfunc.o
LOAD ./Drivers/STM32L5xx_HAL_Driver/Src/stm32l5xx_hal_gpio.o
LOAD ./Drivers/STM32L5xx_HAL_Driver/Src/stm32l5xx_hal_i2c.o
LOAD ./Drivers/STM32L5xx_HAL_Driver/Src/stm32l5xx_hal_i2c_ex.o
LOAD ./Drivers/STM32L5xx_HAL_Driver/Src/stm32l5xx_hal_icache.o
LOAD ./Drivers/STM32L5xx_HAL_Driver/Src/stm32l5xx_hal_pcd.o
LOAD ./Drivers/STM32L5xx_HAL_Driver/Src/stm32l5xx_hal_pcd_ex.o
LOAD ./Drivers/STM32L5xx_HAL_Driver/Src/stm32l5xx_hal_pwr.o
LOAD ./Drivers/STM32L5xx_HAL_Driver/Src/stm32l5xx_hal_pwr_ex.o
LOAD ./Drivers/STM32L5xx_HAL_Driver/Src/stm32l5xx_hal_rcc.o
LOAD ./Drivers/STM32L5xx_HAL_Driver/Src/stm32l5xx_hal_rcc_ex.o
LOAD ./Drivers/STM32L5xx_HAL_Driver/Src/stm32l5xx_hal_tim.o
LOAD ./Drivers/STM32L5xx_HAL_Driver/Src/stm32l5xx_hal_tim_ex.o
LOAD ./Drivers/STM32L5xx_HAL_Driver/Src/stm32l5xx_hal_uart.o
LOAD ./Drivers/STM32L5xx_HAL_Driver/Src/stm32l5xx_hal_uart_ex.o
LOAD ./Drivers/STM32L5xx_HAL_Driver/Src/stm32l5xx_ll_usb.o
LOAD ./Src/main.o
LOAD ./Src/stm32l5xx_hal_msp.o
LOAD ./Src/stm32l5xx_hal_timebase_tim.o
LOAD ./Src/stm32l5xx_it.o
LOAD ./Src/syscalls.o
LOAD ./Src/sysmem.o
LOAD ./Src/system_stm32l5xx.o
LOAD ./Startup/startup_stm32l552cetx.o
START GROUP
LOAD /Applications/STMicroelectronics/STM32CubeIDE.app/Contents/Eclipse/plugins/com.st.stm32cube.ide.mcu.externaltools.gnu-tools-for-stm32.13.3.rel1.macos64_1.0.0.202411102158/tools/bin/../lib/gcc/arm-none-eabi/13.3.1/../../../../arm-none-eabi/lib/thumb/v8-m.main+fp/hard/libc_nano.a
LOAD /Applications/STMicroelectronics/STM32CubeIDE.app/Contents/Eclipse/plugins/com.st.stm32cube.ide.mcu.externaltools.gnu-tools-for-stm32.13.3.rel1.macos64_1.0.0.202411102158/tools/bin/../lib/gcc/arm-none-eabi/13.3.1/../../../../arm-none-eabi/lib/thumb/v8-m.main+fp/hard/libm.a
END GROUP
START GROUP
LOAD /Applications/STMicroelectronics/STM32CubeIDE.app/Contents/Eclipse/plugins/com.st.stm32cube.ide.mcu.externaltools.gnu-tools-for-stm32.13.3.rel1.macos64_1.0.0.202411102158/tools/bin/../lib/gcc/arm-none-eabi/13.3.1/thumb/v8-m.main+fp/hard/libgcc.a
LOAD /Applications/STMicroelectronics/STM32CubeIDE.app/Contents/Eclipse/plugins/com.st.stm32cube.ide.mcu.externaltools.gnu-tools-for-stm32.13.3.rel1.macos64_1.0.0.202411102158/tools/bin/../lib/gcc/arm-none-eabi/13.3.1/../../../../arm-none-eabi/lib/thumb/v8-m.main+fp/hard/libc_nano.a
END GROUP
START GROUP
LOAD /Applications/STMicroelectronics/STM32CubeIDE.app/Contents/Eclipse/plugins/com.st.stm32cube.ide.mcu.externaltools.gnu-tools-for-stm32.13.3.rel1.macos64_1.0.0.202411102158/tools/bin/../lib/gcc/arm-none-eabi/13.3.1/thumb/v8-m.main+fp/hard/libgcc.a
LOAD /Applications/STMicroelectronics/STM32CubeIDE.app/Contents/Eclipse/plugins/com.st.stm32cube.ide.mcu.externaltools.gnu-tools-for-stm32.13.3.rel1.macos64_1.0.0.202411102158/tools/bin/../lib/gcc/arm-none-eabi/13.3.1/../../../../arm-none-eabi/lib/thumb/v8-m.main+fp/hard/libc_nano.a
LOAD /Applications/STMicroelectronics/STM32CubeIDE.app/Contents/Eclipse/plugins/com.st.stm32cube.ide.mcu.externaltools.gnu-tools-for-stm32.13.3.rel1.macos64_1.0.0.202411102158/tools/bin/../lib/gcc/arm-none-eabi/13.3.1/../../../../arm-none-eabi/lib/thumb/v8-m.main+fp/hard/libnosys.a
END GROUP
START GROUP
LOAD /Applications/STMicroelectronics/STM32CubeIDE.app/Contents/Eclipse/plugins/com.st.stm32cube.ide.mcu.externaltools.gnu-tools-for-stm32.13.3.rel1.macos64_1.0.0.202411102158/tools/bin/../lib/gcc/arm-none-eabi/13.3.1/thumb/v8-m.main+fp/hard/libgcc.a
LOAD /Applications/STMicroelectronics/STM32CubeIDE.app/Contents/Eclipse/plugins/com.st.stm32cube.ide.mcu.externaltools.gnu-tools-for-stm32.13.3.rel1.macos64_1.0.0.202411102158/tools/bin/../lib/gcc/arm-none-eabi/13.3.1/../../../../arm-none-eabi/lib/thumb/v8-m.main+fp/hard/libc_nano.a
LOAD /Applications/STMicroelectronics/STM32CubeIDE.app/Contents/Eclipse/plugins/com.st.stm32cube.ide.mcu.externaltools.gnu-tools-for-stm32.13.3.rel1.macos64_1.0.0.202411102158/tools/bin/../lib/gcc/arm-none-eabi/13.3.1/../../../../arm-none-eabi/lib/thumb/v8-m.main+fp/hard/libnosys.a
END GROUP
LOAD /Applications/STMicroelectronics/STM32CubeIDE.app/Contents/Eclipse/plugins/com.st.stm32cube.ide.mcu.externaltools.gnu-tools-for-stm32.13.3.rel1.macos64_1.0.0.202411102158/tools/bin/../lib/gcc/arm-none-eabi/13.3.1/thumb/v8-m.main+fp/hard/crtend.o
LOAD /Applications/STMicroelectronics/STM32CubeIDE.app/Contents/Eclipse/plugins/com.st.stm32cube.ide.mcu.externaltools.gnu-tools-for-stm32.13.3.rel1.macos64_1.0.0.202411102158/tools/bin/../lib/gcc/arm-none-eabi/13.3.1/thumb/v8-m.main+fp/hard/crtn.o
                0x20030000                        _estack = (ORIGIN (RAM) + LENGTH (RAM))
                0x00000200                        _Min_Heap_Size = 0x200
                0x00000400                        _Min_Stack_Size = 0x400

.isr_vector     0x08000000      0x1f4
                0x08000000                        . = ALIGN (0x4)
 *(.isr_vector)
 .isr_vector    0x08000000      0x1f4 ./Startup/startup_stm32l552cetx.o
                0x08000000                g_pfnVectors
                0x080001f4                        . = ALIGN (0x4)

.text           0x080001f4     0x558c
                0x080001f4                        . = ALIGN (0x4)
 *(.text)
 .text          0x080001f4       0x40 /Applications/STMicroelectronics/STM32CubeIDE.app/Contents/Eclipse/plugins/com.st.stm32cube.ide.mcu.externaltools.gnu-tools-for-stm32.13.3.rel1.macos64_1.0.0.202411102158/tools/bin/../lib/gcc/arm-none-eabi/13.3.1/thumb/v8-m.main+fp/hard/crtbegin.o
 .text          0x08000234       0x30 /Applications/STMicroelectronics/STM32CubeIDE.app/Contents/Eclipse/plugins/com.st.stm32cube.ide.mcu.externaltools.gnu-tools-for-stm32.13.3.rel1.macos64_1.0.0.202411102158/tools/bin/../lib/gcc/arm-none-eabi/13.3.1/thumb/v8-m.main+fp/hard/libgcc.a(_aeabi_uldivmod.o)
                0x08000234                __aeabi_uldivmod
 .text          0x08000264      0x348 /Applications/STMicroelectronics/STM32CubeIDE.app/Contents/Eclipse/plugins/com.st.stm32cube.ide.mcu.externaltools.gnu-tools-for-stm32.13.3.rel1.macos64_1.0.0.202411102158/tools/bin/../lib/gcc/arm-none-eabi/13.3.1/thumb/v8-m.main+fp/hard/libgcc.a(_udivmoddi4.o)
                0x08000264                __udivmoddi4
 .text          0x080005ac        0x4 /Applications/STMicroelectronics/STM32CubeIDE.app/Contents/Eclipse/plugins/com.st.stm32cube.ide.mcu.externaltools.gnu-tools-for-stm32.13.3.rel1.macos64_1.0.0.202411102158/tools/bin/../lib/gcc/arm-none-eabi/13.3.1/thumb/v8-m.main+fp/hard/libgcc.a(_dvmd_tls.o)
                0x080005ac                __aeabi_ldiv0
                0x080005ac                __aeabi_idiv0
 *(.text*)
 .text.HAL_Init
                0x080005b0       0x34 ./Drivers/STM32L5xx_HAL_Driver/Src/stm32l5xx_hal.o
                0x080005b0                HAL_Init
 .text.HAL_IncTick
                0x080005e4       0x28 ./Drivers/STM32L5xx_HAL_Driver/Src/stm32l5xx_hal.o
                0x080005e4                HAL_IncTick
 .text.HAL_GetTick
                0x0800060c       0x18 ./Drivers/STM32L5xx_HAL_Driver/Src/stm32l5xx_hal.o
                0x0800060c                HAL_GetTick
 .text.__NVIC_SetPriorityGrouping
                0x08000624       0x48 ./Drivers/STM32L5xx_HAL_Driver/Src/stm32l5xx_hal_cortex.o
 .text.__NVIC_GetPriorityGrouping
                0x0800066c       0x1c ./Drivers/STM32L5xx_HAL_Driver/Src/stm32l5xx_hal_cortex.o
 .text.__NVIC_EnableIRQ
                0x08000688       0x3c ./Drivers/STM32L5xx_HAL_Driver/Src/stm32l5xx_hal_cortex.o
 .text.__NVIC_SetPriority
                0x080006c4       0x54 ./Drivers/STM32L5xx_HAL_Driver/Src/stm32l5xx_hal_cortex.o
 .text.NVIC_EncodePriority
                0x08000718       0x66 ./Drivers/STM32L5xx_HAL_Driver/Src/stm32l5xx_hal_cortex.o
 .text.HAL_NVIC_SetPriorityGrouping
                0x0800077e       0x16 ./Drivers/STM32L5xx_HAL_Driver/Src/stm32l5xx_hal_cortex.o
                0x0800077e                HAL_NVIC_SetPriorityGrouping
 .text.HAL_NVIC_SetPriority
                0x08000794       0x34 ./Drivers/STM32L5xx_HAL_Driver/Src/stm32l5xx_hal_cortex.o
                0x08000794                HAL_NVIC_SetPriority
 .text.HAL_NVIC_EnableIRQ
                0x080007c8       0x1c ./Drivers/STM32L5xx_HAL_Driver/Src/stm32l5xx_hal_cortex.o
                0x080007c8                HAL_NVIC_EnableIRQ
 .text.HAL_GPIO_Init
                0x080007e4      0x300 ./Drivers/STM32L5xx_HAL_Driver/Src/stm32l5xx_hal_gpio.o
                0x080007e4                HAL_GPIO_Init
 .text.HAL_GPIO_WritePin
                0x08000ae4       0x30 ./Drivers/STM32L5xx_HAL_Driver/Src/stm32l5xx_hal_gpio.o
                0x08000ae4                HAL_GPIO_WritePin
 .text.HAL_ICACHE_ConfigAssociativityMode
                0x08000b14       0x40 ./Drivers/STM32L5xx_HAL_Driver/Src/stm32l5xx_hal_icache.o
                0x08000b14                HAL_ICACHE_ConfigAssociativityMode
 .text.HAL_ICACHE_Enable
                0x08000b54       0x20 ./Drivers/STM32L5xx_HAL_Driver/Src/stm32l5xx_hal_icache.o
                0x08000b54                HAL_ICACHE_Enable
 .text.HAL_PCD_Init
                0x08000b74      0x19c ./Drivers/STM32L5xx_HAL_Driver/Src/stm32l5xx_hal_pcd.o
                0x08000b74                HAL_PCD_Init
 .text.HAL_PCDEx_ActivateLPM
                0x08000d10       0x54 ./Drivers/STM32L5xx_HAL_Driver/Src/stm32l5xx_hal_pcd_ex.o
                0x08000d10                HAL_PCDEx_ActivateLPM
 .text.HAL_PWREx_GetVoltageRange
                0x08000d64       0x1c ./Drivers/STM32L5xx_HAL_Driver/Src/stm32l5xx_hal_pwr_ex.o
                0x08000d64                HAL_PWREx_GetVoltageRange
 .text.HAL_PWREx_ControlVoltageScaling
                0x08000d80       0xb8 ./Drivers/STM32L5xx_HAL_Driver/Src/stm32l5xx_hal_pwr_ex.o
                0x08000d80                HAL_PWREx_ControlVoltageScaling
 .text.HAL_PWREx_EnableVddUSB
                0x08000e38       0x20 ./Drivers/STM32L5xx_HAL_Driver/Src/stm32l5xx_hal_pwr_ex.o
                0x08000e38                HAL_PWREx_EnableVddUSB
 .text.HAL_PWREx_DisableUCPDDeadBattery
                0x08000e58       0x20 ./Drivers/STM32L5xx_HAL_Driver/Src/stm32l5xx_hal_pwr_ex.o
                0x08000e58                HAL_PWREx_DisableUCPDDeadBattery
 .text.HAL_PWREx_SMPS_GetEffectiveMode
                0x08000e78       0x48 ./Drivers/STM32L5xx_HAL_Driver/Src/stm32l5xx_hal_pwr_ex.o
                0x08000e78                HAL_PWREx_SMPS_GetEffectiveMode
 .text.HAL_RCC_OscConfig
                0x08000ec0      0x9ac ./Drivers/STM32L5xx_HAL_Driver/Src/stm32l5xx_hal_rcc.o
                0x08000ec0                HAL_RCC_OscConfig
 .text.HAL_RCC_ClockConfig
                0x0800186c      0x270 ./Drivers/STM32L5xx_HAL_Driver/Src/stm32l5xx_hal_rcc.o
                0x0800186c                HAL_RCC_ClockConfig
 .text.HAL_RCC_GetSysClockFreq
                0x08001adc      0x13c ./Drivers/STM32L5xx_HAL_Driver/Src/stm32l5xx_hal_rcc.o
                0x08001adc                HAL_RCC_GetSysClockFreq
 .text.HAL_RCC_GetHCLKFreq
                0x08001c18       0x28 ./Drivers/STM32L5xx_HAL_Driver/Src/stm32l5xx_hal_rcc.o
                0x08001c18                HAL_RCC_GetHCLKFreq
 .text.HAL_RCC_GetPCLK1Freq
                0x08001c40       0x28 ./Drivers/STM32L5xx_HAL_Driver/Src/stm32l5xx_hal_rcc.o
                0x08001c40                HAL_RCC_GetPCLK1Freq
 .text.HAL_RCC_GetPCLK2Freq
                0x08001c68       0x28 ./Drivers/STM32L5xx_HAL_Driver/Src/stm32l5xx_hal_rcc.o
                0x08001c68                HAL_RCC_GetPCLK2Freq
 .text.HAL_RCC_GetClockConfig
                0x08001c90       0x64 ./Drivers/STM32L5xx_HAL_Driver/Src/stm32l5xx_hal_rcc.o
                0x08001c90                HAL_RCC_GetClockConfig
 .text.RCC_SetFlashLatencyFromMSIRange
                0x08001cf4       0xc8 ./Drivers/STM32L5xx_HAL_Driver/Src/stm32l5xx_hal_rcc.o
 .text.RCC_GetSysClockFreqFromPLLSource
                0x08001dbc       0xdc ./Drivers/STM32L5xx_HAL_Driver/Src/stm32l5xx_hal_rcc.o
 .text.HAL_RCCEx_PeriphCLKConfig
                0x08001e98      0x708 ./Drivers/STM32L5xx_HAL_Driver/Src/stm32l5xx_hal_rcc_ex.o
                0x08001e98                HAL_RCCEx_PeriphCLKConfig
 .text.RCCEx_PLLSAI1_Config
                0x080025a0      0x1cc ./Drivers/STM32L5xx_HAL_Driver/Src/stm32l5xx_hal_rcc_ex.o
 .text.RCCEx_PLLSAI2_Config
                0x0800276c      0x158 ./Drivers/STM32L5xx_HAL_Driver/Src/stm32l5xx_hal_rcc_ex.o
 .text.HAL_TIM_Base_Init
                0x080028c4       0xae ./Drivers/STM32L5xx_HAL_Driver/Src/stm32l5xx_hal_tim.o
                0x080028c4                HAL_TIM_Base_Init
 *fill*         0x08002972        0x2 
 .text.HAL_TIM_Base_Start_IT
                0x08002974       0xe0 ./Drivers/STM32L5xx_HAL_Driver/Src/stm32l5xx_hal_tim.o
                0x08002974                HAL_TIM_Base_Start_IT
 .text.HAL_TIM_PWM_Init
                0x08002a54       0xae ./Drivers/STM32L5xx_HAL_Driver/Src/stm32l5xx_hal_tim.o
                0x08002a54                HAL_TIM_PWM_Init
 .text.HAL_TIM_PWM_MspInit
                0x08002b02       0x14 ./Drivers/STM32L5xx_HAL_Driver/Src/stm32l5xx_hal_tim.o
                0x08002b02                HAL_TIM_PWM_MspInit
 .text.HAL_TIM_IRQHandler
                0x08002b16      0x20e ./Drivers/STM32L5xx_HAL_Driver/Src/stm32l5xx_hal_tim.o
                0x08002b16                HAL_TIM_IRQHandler
 .text.HAL_TIM_PWM_ConfigChannel
                0x08002d24      0x228 ./Drivers/STM32L5xx_HAL_Driver/Src/stm32l5xx_hal_tim.o
                0x08002d24                HAL_TIM_PWM_ConfigChannel
 .text.HAL_TIM_ConfigClockSource
                0x08002f4c      0x192 ./Drivers/STM32L5xx_HAL_Driver/Src/stm32l5xx_hal_tim.o
                0x08002f4c                HAL_TIM_ConfigClockSource
 .text.HAL_TIM_OC_DelayElapsedCallback
                0x080030de       0x14 ./Drivers/STM32L5xx_HAL_Driver/Src/stm32l5xx_hal_tim.o
                0x080030de                HAL_TIM_OC_DelayElapsedCallback
 .text.HAL_TIM_IC_CaptureCallback
                0x080030f2       0x14 ./Drivers/STM32L5xx_HAL_Driver/Src/stm32l5xx_hal_tim.o
                0x080030f2                HAL_TIM_IC_CaptureCallback
 .text.HAL_TIM_PWM_PulseFinishedCallback
                0x08003106       0x14 ./Drivers/STM32L5xx_HAL_Driver/Src/stm32l5xx_hal_tim.o
                0x08003106                HAL_TIM_PWM_PulseFinishedCallback
 .text.HAL_TIM_TriggerCallback
                0x0800311a       0x14 ./Drivers/STM32L5xx_HAL_Driver/Src/stm32l5xx_hal_tim.o
                0x0800311a                HAL_TIM_TriggerCallback
 *fill*         0x0800312e        0x2 
 .text.TIM_Base_SetConfig
                0x08003130      0x14c ./Drivers/STM32L5xx_HAL_Driver/Src/stm32l5xx_hal_tim.o
                0x08003130                TIM_Base_SetConfig
 .text.TIM_OC1_SetConfig
                0x0800327c      0x120 ./Drivers/STM32L5xx_HAL_Driver/Src/stm32l5xx_hal_tim.o
 .text.TIM_OC2_SetConfig
                0x0800339c      0x114 ./Drivers/STM32L5xx_HAL_Driver/Src/stm32l5xx_hal_tim.o
                0x0800339c                TIM_OC2_SetConfig
 .text.TIM_OC3_SetConfig
                0x080034b0      0x110 ./Drivers/STM32L5xx_HAL_Driver/Src/stm32l5xx_hal_tim.o
 .text.TIM_OC4_SetConfig
                0x080035c0       0xd4 ./Drivers/STM32L5xx_HAL_Driver/Src/stm32l5xx_hal_tim.o
 .text.TIM_OC5_SetConfig
                0x08003694       0xc8 ./Drivers/STM32L5xx_HAL_Driver/Src/stm32l5xx_hal_tim.o
 .text.TIM_OC6_SetConfig
                0x0800375c       0xcc ./Drivers/STM32L5xx_HAL_Driver/Src/stm32l5xx_hal_tim.o
 .text.TIM_TI1_ConfigInputStage
                0x08003828       0x5e ./Drivers/STM32L5xx_HAL_Driver/Src/stm32l5xx_hal_tim.o
 .text.TIM_TI2_ConfigInputStage
                0x08003886       0x60 ./Drivers/STM32L5xx_HAL_Driver/Src/stm32l5xx_hal_tim.o
 .text.TIM_ITRx_SetConfig
                0x080038e6       0x3a ./Drivers/STM32L5xx_HAL_Driver/Src/stm32l5xx_hal_tim.o
 .text.TIM_ETR_SetConfig
                0x08003920       0x40 ./Drivers/STM32L5xx_HAL_Driver/Src/stm32l5xx_hal_tim.o
                0x08003920                TIM_ETR_SetConfig
 .text.HAL_TIMEx_MasterConfigSynchronization
                0x08003960      0x110 ./Drivers/STM32L5xx_HAL_Driver/Src/stm32l5xx_hal_tim_ex.o
                0x08003960                HAL_TIMEx_MasterConfigSynchronization
 .text.HAL_TIMEx_ConfigBreakDeadTime
                0x08003a70      0x118 ./Drivers/STM32L5xx_HAL_Driver/Src/stm32l5xx_hal_tim_ex.o
                0x08003a70                HAL_TIMEx_ConfigBreakDeadTime
 .text.HAL_TIMEx_CommutCallback
                0x08003b88       0x14 ./Drivers/STM32L5xx_HAL_Driver/Src/stm32l5xx_hal_tim_ex.o
                0x08003b88                HAL_TIMEx_CommutCallback
 .text.HAL_TIMEx_BreakCallback
                0x08003b9c       0x14 ./Drivers/STM32L5xx_HAL_Driver/Src/stm32l5xx_hal_tim_ex.o
                0x08003b9c                HAL_TIMEx_BreakCallback
 .text.HAL_TIMEx_Break2Callback
                0x08003bb0       0x14 ./Drivers/STM32L5xx_HAL_Driver/Src/stm32l5xx_hal_tim_ex.o
                0x08003bb0                HAL_TIMEx_Break2Callback
 .text.HAL_UART_Init
                0x08003bc4       0xa0 ./Drivers/STM32L5xx_HAL_Driver/Src/stm32l5xx_hal_uart.o
                0x08003bc4                HAL_UART_Init
 .text.UART_SetConfig
                0x08003c64      0x600 ./Drivers/STM32L5xx_HAL_Driver/Src/stm32l5xx_hal_uart.o
                0x08003c64                UART_SetConfig
 .text.UART_AdvFeatureConfig
                0x08004264      0x144 ./Drivers/STM32L5xx_HAL_Driver/Src/stm32l5xx_hal_uart.o
                0x08004264                UART_AdvFeatureConfig
 .text.UART_CheckIdleState
                0x080043a8      0x154 ./Drivers/STM32L5xx_HAL_Driver/Src/stm32l5xx_hal_uart.o
                0x080043a8                UART_CheckIdleState
 .text.UART_WaitOnFlagUntilTimeout
                0x080044fc       0xda ./Drivers/STM32L5xx_HAL_Driver/Src/stm32l5xx_hal_uart.o
                0x080044fc                UART_WaitOnFlagUntilTimeout
 .text.UART_EndRxTransfer
                0x080045d6       0xcc ./Drivers/STM32L5xx_HAL_Driver/Src/stm32l5xx_hal_uart.o
 .text.HAL_UARTEx_DisableFifoMode
                0x080046a2       0x72 ./Drivers/STM32L5xx_HAL_Driver/Src/stm32l5xx_hal_uart_ex.o
                0x080046a2                HAL_UARTEx_DisableFifoMode
 .text.HAL_UARTEx_SetTxFifoThreshold
                0x08004714       0x7c ./Drivers/STM32L5xx_HAL_Driver/Src/stm32l5xx_hal_uart_ex.o
                0x08004714                HAL_UARTEx_SetTxFifoThreshold
 .text.HAL_UARTEx_SetRxFifoThreshold
                0x08004790       0x7c ./Drivers/STM32L5xx_HAL_Driver/Src/stm32l5xx_hal_uart_ex.o
                0x08004790                HAL_UARTEx_SetRxFifoThreshold
 .text.UARTEx_SetNbDataToProcess
                0x0800480c       0x9c ./Drivers/STM32L5xx_HAL_Driver/Src/stm32l5xx_hal_uart_ex.o
 .text.USB_DisableGlobalInt
                0x080048a8       0x36 ./Drivers/STM32L5xx_HAL_Driver/Src/stm32l5xx_ll_usb.o
                0x080048a8                USB_DisableGlobalInt
 .text.USB_DevInit
                0x080048de       0x3c ./Drivers/STM32L5xx_HAL_Driver/Src/stm32l5xx_ll_usb.o
                0x080048de                USB_DevInit
 .text.main     0x0800491a       0x2c ./Src/main.o
                0x0800491a                main
 .text.SystemClock_Config
                0x08004946       0x9e ./Src/main.o
                0x08004946                SystemClock_Config
 .text.MX_ICACHE_Init
                0x080049e4       0x26 ./Src/main.o
 *fill*         0x08004a0a        0x2 
 .text.MX_TIM1_Init
                0x08004a0c      0x190 ./Src/main.o
 .text.MX_TIM2_Init
                0x08004b9c      0x118 ./Src/main.o
 .text.MX_TIM3_Init
                0x08004cb4      0x118 ./Src/main.o
 .text.MX_USART1_UART_Init
                0x08004dcc       0x98 ./Src/main.o
 .text.MX_USB_PCD_Init
                0x08004e64       0x50 ./Src/main.o
 .text.MX_GPIO_Init
                0x08004eb4      0x154 ./Src/main.o
 .text.HAL_TIM_PeriodElapsedCallback
                0x08005008       0x24 ./Src/main.o
                0x08005008                HAL_TIM_PeriodElapsedCallback
 .text.Error_Handler
                0x0800502c        0xc ./Src/main.o
                0x0800502c                Error_Handler
 .text.HAL_MspInit
                0x08005038       0x48 ./Src/stm32l5xx_hal_msp.o
                0x08005038                HAL_MspInit
 .text.HAL_TIM_Base_MspInit
                0x08005080       0x8c ./Src/stm32l5xx_hal_msp.o
                0x08005080                HAL_TIM_Base_MspInit
 .text.HAL_TIM_MspPostInit
                0x0800510c      0x138 ./Src/stm32l5xx_hal_msp.o
                0x0800510c                HAL_TIM_MspPostInit
 .text.HAL_UART_MspInit
                0x08005244       0xbc ./Src/stm32l5xx_hal_msp.o
                0x08005244                HAL_UART_MspInit
 .text.HAL_PCD_MspInit
                0x08005300      0x11c ./Src/stm32l5xx_hal_msp.o
                0x08005300                HAL_PCD_MspInit
 .text.HAL_InitTick
                0x0800541c       0xac ./Src/stm32l5xx_hal_timebase_tim.o
                0x0800541c                HAL_InitTick
 .text.NMI_Handler
                0x080054c8        0x8 ./Src/stm32l5xx_it.o
                0x080054c8                NMI_Handler
 .text.HardFault_Handler
                0x080054d0        0x8 ./Src/stm32l5xx_it.o
                0x080054d0                HardFault_Handler
 .text.MemManage_Handler
                0x080054d8        0x8 ./Src/stm32l5xx_it.o
                0x080054d8                MemManage_Handler
 .text.BusFault_Handler
                0x080054e0        0x8 ./Src/stm32l5xx_it.o
                0x080054e0                BusFault_Handler
 .text.UsageFault_Handler
                0x080054e8        0x8 ./Src/stm32l5xx_it.o
                0x080054e8                UsageFault_Handler
 .text.SVC_Handler
                0x080054f0        0xe ./Src/stm32l5xx_it.o
                0x080054f0                SVC_Handler
 .text.DebugMon_Handler
                0x080054fe        0xe ./Src/stm32l5xx_it.o
                0x080054fe                DebugMon_Handler
 .text.PendSV_Handler
                0x0800550c        0xe ./Src/stm32l5xx_it.o
                0x0800550c                PendSV_Handler
 .text.SysTick_Handler
                0x0800551a        0xe ./Src/stm32l5xx_it.o
                0x0800551a                SysTick_Handler
 .text.TIM7_IRQHandler
                0x08005528       0x14 ./Src/stm32l5xx_it.o
                0x08005528                TIM7_IRQHandler
 .text.SystemInit
                0x0800553c       0x24 ./Src/system_stm32l5xx.o
                0x0800553c                SystemInit
 .text.SystemCoreClockUpdate
                0x08005560      0x15c ./Src/system_stm32l5xx.o
                0x08005560                SystemCoreClockUpdate
 .text.Reset_Handler
                0x080056bc       0x50 ./Startup/startup_stm32l552cetx.o
                0x080056bc                Reset_Handler
 .text.Default_Handler
                0x0800570c        0x2 ./Startup/startup_stm32l552cetx.o
                0x0800570c                DMA2_Channel3_IRQHandler
                0x0800570c                TIM8_TRG_COM_IRQHandler
                0x0800570c                TIM8_CC_IRQHandler
                0x0800570c                EXTI5_IRQHandler
                0x0800570c                FLASH_S_IRQHandler
                0x0800570c                EXTI13_IRQHandler
                0x0800570c                TIM1_CC_IRQHandler
                0x0800570c                TSC_IRQHandler
                0x0800570c                TAMP_IRQHandler
                0x0800570c                TIM6_IRQHandler
                0x0800570c                EXTI12_IRQHandler
                0x0800570c                DMA2_Channel8_IRQHandler
                0x0800570c                EXTI3_IRQHandler
                0x0800570c                EXTI8_IRQHandler
                0x0800570c                LPTIM2_IRQHandler
                0x0800570c                DFSDM1_FLT1_IRQHandler
                0x0800570c                USB_FS_IRQHandler
                0x0800570c                I2C3_ER_IRQHandler
                0x0800570c                DFSDM1_FLT2_IRQHandler
                0x0800570c                DMAMUX1_IRQHandler
                0x0800570c                LPTIM3_IRQHandler
                0x0800570c                EXTI0_IRQHandler
                0x0800570c                I2C2_EV_IRQHandler
                0x0800570c                FPU_IRQHandler
                0x0800570c                FDCAN1_IT1_IRQHandler
                0x0800570c                ADC1_2_IRQHandler
                0x0800570c                SPI1_IRQHandler
                0x0800570c                OCTOSPI1_IRQHandler
                0x0800570c                TIM8_UP_IRQHandler
                0x0800570c                RCC_S_IRQHandler
                0x0800570c                DMA2_Channel2_IRQHandler
                0x0800570c                DMA1_Channel4_IRQHandler
                0x0800570c                SAI2_IRQHandler
                0x0800570c                DFSDM1_FLT3_IRQHandler
                0x0800570c                EXTI15_IRQHandler
                0x0800570c                TIM17_IRQHandler
                0x0800570c                USART3_IRQHandler
                0x0800570c                RTC_IRQHandler
                0x0800570c                EXTI9_IRQHandler
                0x0800570c                DMA1_Channel7_IRQHandler
                0x0800570c                UART5_IRQHandler
                0x0800570c                TIM4_IRQHandler
                0x0800570c                DMA2_Channel1_IRQHandler
                0x0800570c                I2C1_EV_IRQHandler
                0x0800570c                DMA1_Channel6_IRQHandler
                0x0800570c                TIM16_IRQHandler
                0x0800570c                UART4_IRQHandler
                0x0800570c                DMA2_Channel4_IRQHandler
                0x0800570c                SecureFault_Handler
                0x0800570c                TIM3_IRQHandler
                0x0800570c                RCC_IRQHandler
                0x0800570c                TIM1_TRG_COM_IRQHandler
                0x0800570c                DMA1_Channel1_IRQHandler
                0x0800570c                Default_Handler
                0x0800570c                DMA2_Channel7_IRQHandler
                0x0800570c                DMA1_Channel8_IRQHandler
                0x0800570c                SDMMC1_IRQHandler
                0x0800570c                TIM5_IRQHandler
                0x0800570c                UCPD1_IRQHandler
                0x0800570c                TIM15_IRQHandler
                0x0800570c                I2C3_EV_IRQHandler
                0x0800570c                PVD_PVM_IRQHandler
                0x0800570c                SPI2_IRQHandler
                0x0800570c                EXTI14_IRQHandler
                0x0800570c                EXTI11_IRQHandler
                0x0800570c                DMA2_Channel5_IRQHandler
                0x0800570c                CRS_IRQHandler
                0x0800570c                DMA1_Channel5_IRQHandler
                0x0800570c                EXTI4_IRQHandler
                0x0800570c                RTC_S_IRQHandler
                0x0800570c                RNG_IRQHandler
                0x0800570c                DMAMUX1_S_IRQHandler
                0x0800570c                DMA1_Channel3_IRQHandler
                0x0800570c                COMP_IRQHandler
                0x0800570c                TIM1_UP_IRQHandler
                0x0800570c                WWDG_IRQHandler
                0x0800570c                I2C4_EV_IRQHandler
                0x0800570c                LPUART1_IRQHandler
                0x0800570c                DMA2_Channel6_IRQHandler
                0x0800570c                FDCAN1_IT0_IRQHandler
                0x0800570c                TIM2_IRQHandler
                0x0800570c                TAMP_S_IRQHandler
                0x0800570c                EXTI7_IRQHandler
                0x0800570c                TIM1_BRK_IRQHandler
                0x0800570c                DAC_IRQHandler
                0x0800570c                EXTI1_IRQHandler
                0x0800570c                GTZC_IRQHandler
                0x0800570c                USART2_IRQHandler
                0x0800570c                DFSDM1_FLT0_IRQHandler
                0x0800570c                I2C2_ER_IRQHandler
                0x0800570c                DMA1_Channel2_IRQHandler
                0x0800570c                TIM8_BRK_IRQHandler
                0x0800570c                FLASH_IRQHandler
                0x0800570c                USART1_IRQHandler
                0x0800570c                EXTI10_IRQHandler
                0x0800570c                SPI3_IRQHandler
                0x0800570c                I2C1_ER_IRQHandler
                0x0800570c                FMC_IRQHandler
                0x0800570c                EXTI6_IRQHandler
                0x0800570c                LPTIM1_IRQHandler
                0x0800570c                I2C4_ER_IRQHandler
                0x0800570c                ICACHE_IRQHandler
                0x0800570c                SAI1_IRQHandler
                0x0800570c                HASH_IRQHandler
                0x0800570c                EXTI2_IRQHandler
 .text.memset   0x0800570e       0x10 /Applications/STMicroelectronics/STM32CubeIDE.app/Contents/Eclipse/plugins/com.st.stm32cube.ide.mcu.externaltools.gnu-tools-for-stm32.13.3.rel1.macos64_1.0.0.202411102158/tools/bin/../lib/gcc/arm-none-eabi/13.3.1/../../../../arm-none-eabi/lib/thumb/v8-m.main+fp/hard/libc_nano.a(libc_a-memset.o)
                0x0800570e                memset
 *fill*         0x0800571e        0x2 
 .text.__libc_init_array
                0x08005720       0x48 /Applications/STMicroelectronics/STM32CubeIDE.app/Contents/Eclipse/plugins/com.st.stm32cube.ide.mcu.externaltools.gnu-tools-for-stm32.13.3.rel1.macos64_1.0.0.202411102158/tools/bin/../lib/gcc/arm-none-eabi/13.3.1/../../../../arm-none-eabi/lib/thumb/v8-m.main+fp/hard/libc_nano.a(libc_a-init.o)
                0x08005720                __libc_init_array
 *(.glue_7)
 .glue_7        0x08005768        0x0 linker stubs
 *(.glue_7t)
 .glue_7t       0x08005768        0x0 linker stubs
 *(.eh_frame)
 .eh_frame      0x08005768        0x0 /Applications/STMicroelectronics/STM32CubeIDE.app/Contents/Eclipse/plugins/com.st.stm32cube.ide.mcu.externaltools.gnu-tools-for-stm32.13.3.rel1.macos64_1.0.0.202411102158/tools/bin/../lib/gcc/arm-none-eabi/13.3.1/thumb/v8-m.main+fp/hard/crtbegin.o
 *(.init)
 .init          0x08005768        0x4 /Applications/STMicroelectronics/STM32CubeIDE.app/Contents/Eclipse/plugins/com.st.stm32cube.ide.mcu.externaltools.gnu-tools-for-stm32.13.3.rel1.macos64_1.0.0.202411102158/tools/bin/../lib/gcc/arm-none-eabi/13.3.1/thumb/v8-m.main+fp/hard/crti.o
                0x08005768                _init
 .init          0x0800576c        0x8 /Applications/STMicroelectronics/STM32CubeIDE.app/Contents/Eclipse/plugins/com.st.stm32cube.ide.mcu.externaltools.gnu-tools-for-stm32.13.3.rel1.macos64_1.0.0.202411102158/tools/bin/../lib/gcc/arm-none-eabi/13.3.1/thumb/v8-m.main+fp/hard/crtn.o
 *(.fini)
 .fini          0x08005774        0x4 /Applications/STMicroelectronics/STM32CubeIDE.app/Contents/Eclipse/plugins/com.st.stm32cube.ide.mcu.externaltools.gnu-tools-for-stm32.13.3.rel1.macos64_1.0.0.202411102158/tools/bin/../lib/gcc/arm-none-eabi/13.3.1/thumb/v8-m.main+fp/hard/crti.o
                0x08005774                _fini
 .fini          0x08005778        0x8 /Applications/STMicroelectronics/STM32CubeIDE.app/Contents/Eclipse/plugins/com.st.stm32cube.ide.mcu.externaltools.gnu-tools-for-stm32.13.3.rel1.macos64_1.0.0.202411102158/tools/bin/../lib/gcc/arm-none-eabi/13.3.1/thumb/v8-m.main+fp/hard/crtn.o
                0x08005780                        . = ALIGN (0x4)
                0x08005780                        _etext = .

.vfp11_veneer   0x08005780        0x0
 .vfp11_veneer  0x08005780        0x0 linker stubs

.v4_bx          0x08005780        0x0
 .v4_bx         0x08005780        0x0 linker stubs

.iplt           0x08005780        0x0
 .iplt          0x08005780        0x0 /Applications/STMicroelectronics/STM32CubeIDE.app/Contents/Eclipse/plugins/com.st.stm32cube.ide.mcu.externaltools.gnu-tools-for-stm32.13.3.rel1.macos64_1.0.0.202411102158/tools/bin/../lib/gcc/arm-none-eabi/13.3.1/thumb/v8-m.main+fp/hard/crtbegin.o

.rodata         0x08005780       0x80
                0x08005780                        . = ALIGN (0x4)
 *(.rodata)
 *(.rodata*)
 .rodata.UARTPrescTable
                0x08005780       0x18 ./Drivers/STM32L5xx_HAL_Driver/Src/stm32l5xx_hal_uart.o
                0x08005780                UARTPrescTable
 .rodata.numerator.1
                0x08005798        0x8 ./Drivers/STM32L5xx_HAL_Driver/Src/stm32l5xx_hal_uart_ex.o
 .rodata.denominator.0
                0x080057a0        0x8 ./Drivers/STM32L5xx_HAL_Driver/Src/stm32l5xx_hal_uart_ex.o
 .rodata.AHBPrescTable
                0x080057a8       0x10 ./Src/system_stm32l5xx.o
                0x080057a8                AHBPrescTable
 .rodata.APBPrescTable
                0x080057b8        0x8 ./Src/system_stm32l5xx.o
                0x080057b8                APBPrescTable
 .rodata.MSIRangeTable
                0x080057c0       0x40 ./Src/system_stm32l5xx.o
                0x080057c0                MSIRangeTable
                0x08005800                        . = ALIGN (0x4)

.ARM.extab      0x08005800        0x0
                0x08005800                        . = ALIGN (0x4)
 *(.ARM.extab* .gnu.linkonce.armextab.*)
                0x08005800                        . = ALIGN (0x4)

.ARM            0x08005800        0x8
                0x08005800                        . = ALIGN (0x4)
                0x08005800                        __exidx_start = .
 *(.ARM.exidx*)
 .ARM.exidx     0x08005800        0x8 /Applications/STMicroelectronics/STM32CubeIDE.app/Contents/Eclipse/plugins/com.st.stm32cube.ide.mcu.externaltools.gnu-tools-for-stm32.13.3.rel1.macos64_1.0.0.202411102158/tools/bin/../lib/gcc/arm-none-eabi/13.3.1/thumb/v8-m.main+fp/hard/libgcc.a(_udivmoddi4.o)
                0x08005808                        __exidx_end = .
                0x08005808                        . = ALIGN (0x4)

.preinit_array  0x08005808        0x0
                0x08005808                        . = ALIGN (0x4)
                0x08005808                        PROVIDE (__preinit_array_start = .)
 *(.preinit_array*)
                0x08005808                        PROVIDE (__preinit_array_end = .)
                0x08005808                        . = ALIGN (0x4)

.init_array     0x08005808        0x4
                0x08005808                        . = ALIGN (0x4)
                0x08005808                        PROVIDE (__init_array_start = .)
 *(SORT_BY_NAME(.init_array.*))
 *(.init_array*)
 .init_array    0x08005808        0x4 /Applications/STMicroelectronics/STM32CubeIDE.app/Contents/Eclipse/plugins/com.st.stm32cube.ide.mcu.externaltools.gnu-tools-for-stm32.13.3.rel1.macos64_1.0.0.202411102158/tools/bin/../lib/gcc/arm-none-eabi/13.3.1/thumb/v8-m.main+fp/hard/crtbegin.o
                0x0800580c                        PROVIDE (__init_array_end = .)
                0x0800580c                        . = ALIGN (0x4)

.fini_array     0x0800580c        0x4
                0x0800580c                        . = ALIGN (0x4)
                [!provide]                        PROVIDE (__fini_array_start = .)
 *(SORT_BY_NAME(.fini_array.*))
 *(.fini_array*)
 .fini_array    0x0800580c        0x4 /Applications/STMicroelectronics/STM32CubeIDE.app/Contents/Eclipse/plugins/com.st.stm32cube.ide.mcu.externaltools.gnu-tools-for-stm32.13.3.rel1.macos64_1.0.0.202411102158/tools/bin/../lib/gcc/arm-none-eabi/13.3.1/thumb/v8-m.main+fp/hard/crtbegin.o
                [!provide]                        PROVIDE (__fini_array_end = .)
                0x08005810                        . = ALIGN (0x4)
                0x08005810                        _sidata = LOADADDR (.data)

.rel.dyn        0x08005810        0x0
 .rel.iplt      0x08005810        0x0 /Applications/STMicroelectronics/STM32CubeIDE.app/Contents/Eclipse/plugins/com.st.stm32cube.ide.mcu.externaltools.gnu-tools-for-stm32.13.3.rel1.macos64_1.0.0.202411102158/tools/bin/../lib/gcc/arm-none-eabi/13.3.1/thumb/v8-m.main+fp/hard/crtbegin.o

.data           0x20000000        0xc load address 0x08005810
                0x20000000                        . = ALIGN (0x4)
                0x20000000                        _sdata = .
 *(.data)
 *(.data*)
 .data.uwTickPrio
                0x20000000        0x4 ./Drivers/STM32L5xx_HAL_Driver/Src/stm32l5xx_hal.o
                0x20000000                uwTickPrio
 .data.uwTickFreq
                0x20000004        0x1 ./Drivers/STM32L5xx_HAL_Driver/Src/stm32l5xx_hal.o
                0x20000004                uwTickFreq
 *fill*         0x20000005        0x3 
 .data.SystemCoreClock
                0x20000008        0x4 ./Src/system_stm32l5xx.o
                0x20000008                SystemCoreClock
 *(.RamFunc)
 *(.RamFunc*)
                0x2000000c                        . = ALIGN (0x4)
                0x2000000c                        _edata = .

.igot.plt       0x2000000c        0x0 load address 0x0800581c
 .igot.plt      0x2000000c        0x0 /Applications/STMicroelectronics/STM32CubeIDE.app/Contents/Eclipse/plugins/com.st.stm32cube.ide.mcu.externaltools.gnu-tools-for-stm32.13.3.rel1.macos64_1.0.0.202411102158/tools/bin/../lib/gcc/arm-none-eabi/13.3.1/thumb/v8-m.main+fp/hard/crtbegin.o
                0x2000000c                        . = ALIGN (0x4)

.bss            0x2000000c      0x4c0 load address 0x0800581c
                0x2000000c                        _sbss = .
                0x2000000c                        __bss_start__ = _sbss
 *(.bss)
 .bss           0x2000000c       0x1c /Applications/STMicroelectronics/STM32CubeIDE.app/Contents/Eclipse/plugins/com.st.stm32cube.ide.mcu.externaltools.gnu-tools-for-stm32.13.3.rel1.macos64_1.0.0.202411102158/tools/bin/../lib/gcc/arm-none-eabi/13.3.1/thumb/v8-m.main+fp/hard/crtbegin.o
 *(.bss*)
 .bss.uwTick    0x20000028        0x4 ./Drivers/STM32L5xx_HAL_Driver/Src/stm32l5xx_hal.o
                0x20000028                uwTick
 .bss.htim1     0x2000002c       0x4c ./Src/main.o
                0x2000002c                htim1
 .bss.htim2     0x20000078       0x4c ./Src/main.o
                0x20000078                htim2
 .bss.htim3     0x200000c4       0x4c ./Src/main.o
                0x200000c4                htim3
 .bss.huart1    0x20000110       0x94 ./Src/main.o
                0x20000110                huart1
 .bss.hpcd_USB_FS
                0x200001a4      0x2dc ./Src/main.o
                0x200001a4                hpcd_USB_FS
 .bss.htim7     0x20000480       0x4c ./Src/stm32l5xx_hal_timebase_tim.o
                0x20000480                htim7
 *(COMMON)
                0x200004cc                        . = ALIGN (0x4)
                0x200004cc                        _ebss = .
                0x200004cc                        __bss_end__ = _ebss

._user_heap_stack
                0x200004cc      0x604 load address 0x0800581c
                0x200004d0                        . = ALIGN (0x8)
 *fill*         0x200004cc        0x4 
                [!provide]                        PROVIDE (end = .)
                0x200004d0                        PROVIDE (_end = .)
                0x200006d0                        . = (. + _Min_Heap_Size)
 *fill*         0x200004d0      0x200 
                0x20000ad0                        . = (. + _Min_Stack_Size)
 *fill*         0x200006d0      0x400 
                0x20000ad0                        . = ALIGN (0x8)

/DISCARD/
 libc.a(*)
 libm.a(*)
 libgcc.a(*)

.ARM.attributes
                0x00000000       0x36
 *(.ARM.attributes)
 .ARM.attributes
                0x00000000       0x26 /Applications/STMicroelectronics/STM32CubeIDE.app/Contents/Eclipse/plugins/com.st.stm32cube.ide.mcu.externaltools.gnu-tools-for-stm32.13.3.rel1.macos64_1.0.0.202411102158/tools/bin/../lib/gcc/arm-none-eabi/13.3.1/thumb/v8-m.main+fp/hard/crti.o
 .ARM.attributes
                0x00000026       0x38 /Applications/STMicroelectronics/STM32CubeIDE.app/Contents/Eclipse/plugins/com.st.stm32cube.ide.mcu.externaltools.gnu-tools-for-stm32.13.3.rel1.macos64_1.0.0.202411102158/tools/bin/../lib/gcc/arm-none-eabi/13.3.1/thumb/v8-m.main+fp/hard/crtbegin.o
 .ARM.attributes
                0x0000005e       0x3a ./Drivers/STM32L5xx_HAL_Driver/Src/stm32l5xx_hal.o
 .ARM.attributes
                0x00000098       0x3a ./Drivers/STM32L5xx_HAL_Driver/Src/stm32l5xx_hal_cortex.o
 .ARM.attributes
                0x000000d2       0x3a ./Drivers/STM32L5xx_HAL_Driver/Src/stm32l5xx_hal_gpio.o
 .ARM.attributes
                0x0000010c       0x3a ./Drivers/STM32L5xx_HAL_Driver/Src/stm32l5xx_hal_icache.o
 .ARM.attributes
                0x00000146       0x3a ./Drivers/STM32L5xx_HAL_Driver/Src/stm32l5xx_hal_pcd.o
 .ARM.attributes
                0x00000180       0x3a ./Drivers/STM32L5xx_HAL_Driver/Src/stm32l5xx_hal_pcd_ex.o
 .ARM.attributes
                0x000001ba       0x3a ./Drivers/STM32L5xx_HAL_Driver/Src/stm32l5xx_hal_pwr_ex.o
 .ARM.attributes
                0x000001f4       0x3a ./Drivers/STM32L5xx_HAL_Driver/Src/stm32l5xx_hal_rcc.o
 .ARM.attributes
                0x0000022e       0x3a ./Drivers/STM32L5xx_HAL_Driver/Src/stm32l5xx_hal_rcc_ex.o
 .ARM.attributes
                0x00000268       0x3a ./Drivers/STM32L5xx_HAL_Driver/Src/stm32l5xx_hal_tim.o
 .ARM.attributes
                0x000002a2       0x3a ./Drivers/STM32L5xx_HAL_Driver/Src/stm32l5xx_hal_tim_ex.o
 .ARM.attributes
                0x000002dc       0x3a ./Drivers/STM32L5xx_HAL_Driver/Src/stm32l5xx_hal_uart.o
 .ARM.attributes
                0x00000316       0x3a ./Drivers/STM32L5xx_HAL_Driver/Src/stm32l5xx_hal_uart_ex.o
 .ARM.attributes
                0x00000350       0x3a ./Drivers/STM32L5xx_HAL_Driver/Src/stm32l5xx_ll_usb.o
 .ARM.attributes
                0x0000038a       0x3a ./Src/main.o
 .ARM.attributes
                0x000003c4       0x3a ./Src/stm32l5xx_hal_msp.o
 .ARM.attributes
                0x000003fe       0x3a ./Src/stm32l5xx_hal_timebase_tim.o
 .ARM.attributes
                0x00000438       0x3a ./Src/stm32l5xx_it.o
 .ARM.attributes
                0x00000472       0x3a ./Src/system_stm32l5xx.o
 .ARM.attributes
                0x000004ac       0x24 ./Startup/startup_stm32l552cetx.o
 .ARM.attributes
                0x000004d0       0x38 /Applications/STMicroelectronics/STM32CubeIDE.app/Contents/Eclipse/plugins/com.st.stm32cube.ide.mcu.externaltools.gnu-tools-for-stm32.13.3.rel1.macos64_1.0.0.202411102158/tools/bin/../lib/gcc/arm-none-eabi/13.3.1/../../../../arm-none-eabi/lib/thumb/v8-m.main+fp/hard/libc_nano.a(libc_a-memset.o)
 .ARM.attributes
                0x00000508       0x38 /Applications/STMicroelectronics/STM32CubeIDE.app/Contents/Eclipse/plugins/com.st.stm32cube.ide.mcu.externaltools.gnu-tools-for-stm32.13.3.rel1.macos64_1.0.0.202411102158/tools/bin/../lib/gcc/arm-none-eabi/13.3.1/../../../../arm-none-eabi/lib/thumb/v8-m.main+fp/hard/libc_nano.a(libc_a-init.o)
 .ARM.attributes
                0x00000540       0x26 /Applications/STMicroelectronics/STM32CubeIDE.app/Contents/Eclipse/plugins/com.st.stm32cube.ide.mcu.externaltools.gnu-tools-for-stm32.13.3.rel1.macos64_1.0.0.202411102158/tools/bin/../lib/gcc/arm-none-eabi/13.3.1/thumb/v8-m.main+fp/hard/libgcc.a(_aeabi_uldivmod.o)
 .ARM.attributes
                0x00000566       0x38 /Applications/STMicroelectronics/STM32CubeIDE.app/Contents/Eclipse/plugins/com.st.stm32cube.ide.mcu.externaltools.gnu-tools-for-stm32.13.3.rel1.macos64_1.0.0.202411102158/tools/bin/../lib/gcc/arm-none-eabi/13.3.1/thumb/v8-m.main+fp/hard/libgcc.a(_udivmoddi4.o)
 .ARM.attributes
                0x0000059e       0x26 /Applications/STMicroelectronics/STM32CubeIDE.app/Contents/Eclipse/plugins/com.st.stm32cube.ide.mcu.externaltools.gnu-tools-for-stm32.13.3.rel1.macos64_1.0.0.202411102158/tools/bin/../lib/gcc/arm-none-eabi/13.3.1/thumb/v8-m.main+fp/hard/libgcc.a(_dvmd_tls.o)
 .ARM.attributes
                0x000005c4       0x26 /Applications/STMicroelectronics/STM32CubeIDE.app/Contents/Eclipse/plugins/com.st.stm32cube.ide.mcu.externaltools.gnu-tools-for-stm32.13.3.rel1.macos64_1.0.0.202411102158/tools/bin/../lib/gcc/arm-none-eabi/13.3.1/thumb/v8-m.main+fp/hard/crtn.o
OUTPUT(LED_USB_HUB.elf elf32-littlearm)
LOAD linker stubs
LOAD /Applications/STMicroelectronics/STM32CubeIDE.app/Contents/Eclipse/plugins/com.st.stm32cube.ide.mcu.externaltools.gnu-tools-for-stm32.13.3.rel1.macos64_1.0.0.202411102158/tools/bin/../lib/gcc/arm-none-eabi/13.3.1/../../../../arm-none-eabi/lib/thumb/v8-m.main+fp/hard/libc.a
LOAD /Applications/STMicroelectronics/STM32CubeIDE.app/Contents/Eclipse/plugins/com.st.stm32cube.ide.mcu.externaltools.gnu-tools-for-stm32.13.3.rel1.macos64_1.0.0.202411102158/tools/bin/../lib/gcc/arm-none-eabi/13.3.1/../../../../arm-none-eabi/lib/thumb/v8-m.main+fp/hard/libm.a
LOAD /Applications/STMicroelectronics/STM32CubeIDE.app/Contents/Eclipse/plugins/com.st.stm32cube.ide.mcu.externaltools.gnu-tools-for-stm32.13.3.rel1.macos64_1.0.0.202411102158/tools/bin/../lib/gcc/arm-none-eabi/13.3.1/thumb/v8-m.main+fp/hard/libgcc.a

.debug_info     0x00000000    0x17e27
 .debug_info    0x00000000      0xcf3 ./Drivers/STM32L5xx_HAL_Driver/Src/stm32l5xx_hal.o
 .debug_info    0x00000cf3     0x1106 ./Drivers/STM32L5xx_HAL_Driver/Src/stm32l5xx_hal_cortex.o
 .debug_info    0x00001df9      0x5d4 ./Drivers/STM32L5xx_HAL_Driver/Src/stm32l5xx_hal_gpio.o
 .debug_info    0x000023cd      0x4c1 ./Drivers/STM32L5xx_HAL_Driver/Src/stm32l5xx_hal_icache.o
 .debug_info    0x0000288e     0x161b ./Drivers/STM32L5xx_HAL_Driver/Src/stm32l5xx_hal_pcd.o
 .debug_info    0x00003ea9      0x80a ./Drivers/STM32L5xx_HAL_Driver/Src/stm32l5xx_hal_pcd_ex.o
 .debug_info    0x000046b3      0xd73 ./Drivers/STM32L5xx_HAL_Driver/Src/stm32l5xx_hal_pwr_ex.o
 .debug_info    0x00005426      0xf75 ./Drivers/STM32L5xx_HAL_Driver/Src/stm32l5xx_hal_rcc.o
 .debug_info    0x0000639b     0x1134 ./Drivers/STM32L5xx_HAL_Driver/Src/stm32l5xx_hal_rcc_ex.o
 .debug_info    0x000074cf     0x2bdb ./Drivers/STM32L5xx_HAL_Driver/Src/stm32l5xx_hal_tim.o
 .debug_info    0x0000a0aa     0x18b5 ./Drivers/STM32L5xx_HAL_Driver/Src/stm32l5xx_hal_tim_ex.o
 .debug_info    0x0000b95f     0x48fb ./Drivers/STM32L5xx_HAL_Driver/Src/stm32l5xx_hal_uart.o
 .debug_info    0x0001025a      0xffd ./Drivers/STM32L5xx_HAL_Driver/Src/stm32l5xx_hal_uart_ex.o
 .debug_info    0x00011257     0x166b ./Drivers/STM32L5xx_HAL_Driver/Src/stm32l5xx_ll_usb.o
 .debug_info    0x000128c2     0x1c56 ./Src/main.o
 .debug_info    0x00014518     0x19b9 ./Src/stm32l5xx_hal_msp.o
 .debug_info    0x00015ed1      0xf02 ./Src/stm32l5xx_hal_timebase_tim.o
 .debug_info    0x00016dd3      0x842 ./Src/stm32l5xx_it.o
 .debug_info    0x00017615      0x7e2 ./Src/system_stm32l5xx.o
 .debug_info    0x00017df7       0x30 ./Startup/startup_stm32l552cetx.o

.debug_abbrev   0x00000000     0x2f42
 .debug_abbrev  0x00000000      0x2cd ./Drivers/STM32L5xx_HAL_Driver/Src/stm32l5xx_hal.o
 .debug_abbrev  0x000002cd      0x32c ./Drivers/STM32L5xx_HAL_Driver/Src/stm32l5xx_hal_cortex.o
 .debug_abbrev  0x000005f9      0x1c2 ./Drivers/STM32L5xx_HAL_Driver/Src/stm32l5xx_hal_gpio.o
 .debug_abbrev  0x000007bb      0x228 ./Drivers/STM32L5xx_HAL_Driver/Src/stm32l5xx_hal_icache.o
 .debug_abbrev  0x000009e3      0x2b9 ./Drivers/STM32L5xx_HAL_Driver/Src/stm32l5xx_hal_pcd.o
 .debug_abbrev  0x00000c9c      0x228 ./Drivers/STM32L5xx_HAL_Driver/Src/stm32l5xx_hal_pcd_ex.o
 .debug_abbrev  0x00000ec4      0x28c ./Drivers/STM32L5xx_HAL_Driver/Src/stm32l5xx_hal_pwr_ex.o
 .debug_abbrev  0x00001150      0x2fd ./Drivers/STM32L5xx_HAL_Driver/Src/stm32l5xx_hal_rcc.o
 .debug_abbrev  0x0000144d      0x2c8 ./Drivers/STM32L5xx_HAL_Driver/Src/stm32l5xx_hal_rcc_ex.o
 .debug_abbrev  0x00001715      0x277 ./Drivers/STM32L5xx_HAL_Driver/Src/stm32l5xx_hal_tim.o
 .debug_abbrev  0x0000198c      0x297 ./Drivers/STM32L5xx_HAL_Driver/Src/stm32l5xx_hal_tim_ex.o
 .debug_abbrev  0x00001c23      0x325 ./Drivers/STM32L5xx_HAL_Driver/Src/stm32l5xx_hal_uart.o
 .debug_abbrev  0x00001f48      0x2d3 ./Drivers/STM32L5xx_HAL_Driver/Src/stm32l5xx_hal_uart_ex.o
 .debug_abbrev  0x0000221b      0x247 ./Drivers/STM32L5xx_HAL_Driver/Src/stm32l5xx_ll_usb.o
 .debug_abbrev  0x00002462      0x362 ./Src/main.o
 .debug_abbrev  0x000027c4      0x29b ./Src/stm32l5xx_hal_msp.o
 .debug_abbrev  0x00002a5f      0x217 ./Src/stm32l5xx_hal_timebase_tim.o
 .debug_abbrev  0x00002c76      0x17d ./Src/stm32l5xx_it.o
 .debug_abbrev  0x00002df3      0x12b ./Src/system_stm32l5xx.o
 .debug_abbrev  0x00002f1e       0x24 ./Startup/startup_stm32l552cetx.o

.debug_aranges  0x00000000     0x1358
 .debug_aranges
                0x00000000      0x130 ./Drivers/STM32L5xx_HAL_Driver/Src/stm32l5xx_hal.o
 .debug_aranges
                0x00000130      0x140 ./Drivers/STM32L5xx_HAL_Driver/Src/stm32l5xx_hal_cortex.o
 .debug_aranges
                0x00000270       0x60 ./Drivers/STM32L5xx_HAL_Driver/Src/stm32l5xx_hal_gpio.o
 .debug_aranges
                0x000002d0       0xa8 ./Drivers/STM32L5xx_HAL_Driver/Src/stm32l5xx_hal_icache.o
 .debug_aranges
                0x00000378      0x138 ./Drivers/STM32L5xx_HAL_Driver/Src/stm32l5xx_hal_pcd.o
 .debug_aranges
                0x000004b0       0x58 ./Drivers/STM32L5xx_HAL_Driver/Src/stm32l5xx_hal_pcd_ex.o
 .debug_aranges
                0x00000508      0x1b8 ./Drivers/STM32L5xx_HAL_Driver/Src/stm32l5xx_hal_pwr_ex.o
 .debug_aranges
                0x000006c0       0xa8 ./Drivers/STM32L5xx_HAL_Driver/Src/stm32l5xx_hal_rcc.o
 .debug_aranges
                0x00000768      0x118 ./Drivers/STM32L5xx_HAL_Driver/Src/stm32l5xx_hal_rcc_ex.o
 .debug_aranges
                0x00000880      0x3e0 ./Drivers/STM32L5xx_HAL_Driver/Src/stm32l5xx_hal_tim.o
 .debug_aranges
                0x00000c60      0x190 ./Drivers/STM32L5xx_HAL_Driver/Src/stm32l5xx_hal_tim_ex.o
 .debug_aranges
                0x00000df0      0x248 ./Drivers/STM32L5xx_HAL_Driver/Src/stm32l5xx_hal_uart.o
 .debug_aranges
                0x00001038       0xa8 ./Drivers/STM32L5xx_HAL_Driver/Src/stm32l5xx_hal_uart_ex.o
 .debug_aranges
                0x000010e0       0xc8 ./Drivers/STM32L5xx_HAL_Driver/Src/stm32l5xx_ll_usb.o
 .debug_aranges
                0x000011a8       0x70 ./Src/main.o
 .debug_aranges
                0x00001218       0x58 ./Src/stm32l5xx_hal_msp.o
 .debug_aranges
                0x00001270       0x30 ./Src/stm32l5xx_hal_timebase_tim.o
 .debug_aranges
                0x000012a0       0x68 ./Src/stm32l5xx_it.o
 .debug_aranges
                0x00001308       0x28 ./Src/system_stm32l5xx.o
 .debug_aranges
                0x00001330       0x28 ./Startup/startup_stm32l552cetx.o

.debug_rnglists
                0x00000000      0xf14
 .debug_rnglists
                0x00000000       0xdf ./Drivers/STM32L5xx_HAL_Driver/Src/stm32l5xx_hal.o
 .debug_rnglists
                0x000000df       0xeb ./Drivers/STM32L5xx_HAL_Driver/Src/stm32l5xx_hal_cortex.o
 .debug_rnglists
                0x000001ca       0x45 ./Drivers/STM32L5xx_HAL_Driver/Src/stm32l5xx_hal_gpio.o
 .debug_rnglists
                0x0000020f       0x7a ./Drivers/STM32L5xx_HAL_Driver/Src/stm32l5xx_hal_icache.o
 .debug_rnglists
                0x00000289       0xee ./Drivers/STM32L5xx_HAL_Driver/Src/stm32l5xx_hal_pcd.o
 .debug_rnglists
                0x00000377       0x3f ./Drivers/STM32L5xx_HAL_Driver/Src/stm32l5xx_hal_pcd_ex.o
 .debug_rnglists
                0x000003b6      0x14e ./Drivers/STM32L5xx_HAL_Driver/Src/stm32l5xx_hal_pwr_ex.o
 .debug_rnglists
                0x00000504       0x80 ./Drivers/STM32L5xx_HAL_Driver/Src/stm32l5xx_hal_rcc.o
 .debug_rnglists
                0x00000584       0xdd ./Drivers/STM32L5xx_HAL_Driver/Src/stm32l5xx_hal_rcc_ex.o
 .debug_rnglists
                0x00000661      0x328 ./Drivers/STM32L5xx_HAL_Driver/Src/stm32l5xx_hal_tim.o
 .debug_rnglists
                0x00000989      0x147 ./Drivers/STM32L5xx_HAL_Driver/Src/stm32l5xx_hal_tim_ex.o
 .debug_rnglists
                0x00000ad0      0x1fa ./Drivers/STM32L5xx_HAL_Driver/Src/stm32l5xx_hal_uart.o
 .debug_rnglists
                0x00000cca       0x7f ./Drivers/STM32L5xx_HAL_Driver/Src/stm32l5xx_hal_uart_ex.o
 .debug_rnglists
                0x00000d49       0x99 ./Drivers/STM32L5xx_HAL_Driver/Src/stm32l5xx_ll_usb.o
 .debug_rnglists
                0x00000de2       0x55 ./Src/main.o
 .debug_rnglists
                0x00000e37       0x41 ./Src/stm32l5xx_hal_msp.o
 .debug_rnglists
                0x00000e78       0x20 ./Src/stm32l5xx_hal_timebase_tim.o
 .debug_rnglists
                0x00000e98       0x49 ./Src/stm32l5xx_it.o
 .debug_rnglists
                0x00000ee1       0x1a ./Src/system_stm32l5xx.o
 .debug_rnglists
                0x00000efb       0x19 ./Startup/startup_stm32l552cetx.o

.debug_macro    0x00000000    0x28fc5
 .debug_macro   0x00000000      0x244 ./Drivers/STM32L5xx_HAL_Driver/Src/stm32l5xx_hal.o
 .debug_macro   0x00000244      0xade ./Drivers/STM32L5xx_HAL_Driver/Src/stm32l5xx_hal.o
 .debug_macro   0x00000d22      0x19c ./Drivers/STM32L5xx_HAL_Driver/Src/stm32l5xx_hal.o
 .debug_macro   0x00000ebe       0x2e ./Drivers/STM32L5xx_HAL_Driver/Src/stm32l5xx_hal.o
 .debug_macro   0x00000eec       0x42 ./Drivers/STM32L5xx_HAL_Driver/Src/stm32l5xx_hal.o
 .debug_macro   0x00000f2e       0x22 ./Drivers/STM32L5xx_HAL_Driver/Src/stm32l5xx_hal.o
 .debug_macro   0x00000f50       0x8e ./Drivers/STM32L5xx_HAL_Driver/Src/stm32l5xx_hal.o
 .debug_macro   0x00000fde       0x51 ./Drivers/STM32L5xx_HAL_Driver/Src/stm32l5xx_hal.o
 .debug_macro   0x0000102f      0x103 ./Drivers/STM32L5xx_HAL_Driver/Src/stm32l5xx_hal.o
 .debug_macro   0x00001132       0x6a ./Drivers/STM32L5xx_HAL_Driver/Src/stm32l5xx_hal.o
 .debug_macro   0x0000119c      0x1df ./Drivers/STM32L5xx_HAL_Driver/Src/stm32l5xx_hal.o
 .debug_macro   0x0000137b       0x1c ./Drivers/STM32L5xx_HAL_Driver/Src/stm32l5xx_hal.o
 .debug_macro   0x00001397       0x29 ./Drivers/STM32L5xx_HAL_Driver/Src/stm32l5xx_hal.o
 .debug_macro   0x000013c0       0xfb ./Drivers/STM32L5xx_HAL_Driver/Src/stm32l5xx_hal.o
 .debug_macro   0x000014bb     0x1336 ./Drivers/STM32L5xx_HAL_Driver/Src/stm32l5xx_hal.o
 .debug_macro   0x000027f1       0x5e ./Drivers/STM32L5xx_HAL_Driver/Src/stm32l5xx_hal.o
 .debug_macro   0x0000284f    0x1aca2 ./Drivers/STM32L5xx_HAL_Driver/Src/stm32l5xx_hal.o
 .debug_macro   0x0001d4f1       0x6c ./Drivers/STM32L5xx_HAL_Driver/Src/stm32l5xx_hal.o
 .debug_macro   0x0001d55d     0x353c ./Drivers/STM32L5xx_HAL_Driver/Src/stm32l5xx_hal.o
 .debug_macro   0x00020a99      0x190 ./Drivers/STM32L5xx_HAL_Driver/Src/stm32l5xx_hal.o
 .debug_macro   0x00020c29       0x5d ./Drivers/STM32L5xx_HAL_Driver/Src/stm32l5xx_hal.o
 .debug_macro   0x00020c86     0x1987 ./Drivers/STM32L5xx_HAL_Driver/Src/stm32l5xx_hal.o
 .debug_macro   0x0002260d      0xa52 ./Drivers/STM32L5xx_HAL_Driver/Src/stm32l5xx_hal.o
 .debug_macro   0x0002305f      0x1cf ./Drivers/STM32L5xx_HAL_Driver/Src/stm32l5xx_hal.o
 .debug_macro   0x0002322e      0x1d8 ./Drivers/STM32L5xx_HAL_Driver/Src/stm32l5xx_hal.o
 .debug_macro   0x00023406      0x4e1 ./Drivers/STM32L5xx_HAL_Driver/Src/stm32l5xx_hal.o
 .debug_macro   0x000238e7      0x1ab ./Drivers/STM32L5xx_HAL_Driver/Src/stm32l5xx_hal.o
 .debug_macro   0x00023a92       0x4a ./Drivers/STM32L5xx_HAL_Driver/Src/stm32l5xx_hal.o
 .debug_macro   0x00023adc      0x1b9 ./Drivers/STM32L5xx_HAL_Driver/Src/stm32l5xx_hal.o
 .debug_macro   0x00023c95      0x230 ./Drivers/STM32L5xx_HAL_Driver/Src/stm32l5xx_hal.o
 .debug_macro   0x00023ec5      0x3bb ./Drivers/STM32L5xx_HAL_Driver/Src/stm32l5xx_hal.o
 .debug_macro   0x00024280       0x36 ./Drivers/STM32L5xx_HAL_Driver/Src/stm32l5xx_hal.o
 .debug_macro   0x000242b6      0x11c ./Drivers/STM32L5xx_HAL_Driver/Src/stm32l5xx_hal.o
 .debug_macro   0x000243d2      0x22c ./Drivers/STM32L5xx_HAL_Driver/Src/stm32l5xx_hal.o
 .debug_macro   0x000245fe       0x5b ./Drivers/STM32L5xx_HAL_Driver/Src/stm32l5xx_hal.o
 .debug_macro   0x00024659       0xa5 ./Drivers/STM32L5xx_HAL_Driver/Src/stm32l5xx_hal.o
 .debug_macro   0x000246fe       0xc9 ./Drivers/STM32L5xx_HAL_Driver/Src/stm32l5xx_hal.o
 .debug_macro   0x000247c7       0x73 ./Drivers/STM32L5xx_HAL_Driver/Src/stm32l5xx_hal.o
 .debug_macro   0x0002483a      0x22d ./Drivers/STM32L5xx_HAL_Driver/Src/stm32l5xx_hal.o
 .debug_macro   0x00024a67      0x199 ./Drivers/STM32L5xx_HAL_Driver/Src/stm32l5xx_hal.o
 .debug_macro   0x00024c00      0x487 ./Drivers/STM32L5xx_HAL_Driver/Src/stm32l5xx_hal.o
 .debug_macro   0x00025087      0xabb ./Drivers/STM32L5xx_HAL_Driver/Src/stm32l5xx_hal.o
 .debug_macro   0x00025b42      0x184 ./Drivers/STM32L5xx_HAL_Driver/Src/stm32l5xx_hal.o
 .debug_macro   0x00025cc6      0x693 ./Drivers/STM32L5xx_HAL_Driver/Src/stm32l5xx_hal.o
 .debug_macro   0x00026359       0xa6 ./Drivers/STM32L5xx_HAL_Driver/Src/stm32l5xx_hal.o
 .debug_macro   0x000263ff      0x3f1 ./Drivers/STM32L5xx_HAL_Driver/Src/stm32l5xx_hal.o
 .debug_macro   0x000267f0      0x214 ./Drivers/STM32L5xx_HAL_Driver/Src/stm32l5xx_hal_cortex.o
 .debug_macro   0x00026a04      0x21a ./Drivers/STM32L5xx_HAL_Driver/Src/stm32l5xx_hal_gpio.o
 .debug_macro   0x00026c1e      0x246 ./Drivers/STM32L5xx_HAL_Driver/Src/stm32l5xx_hal_icache.o
 .debug_macro   0x00026e64      0x220 ./Drivers/STM32L5xx_HAL_Driver/Src/stm32l5xx_hal_pcd.o
 .debug_macro   0x00027084      0x214 ./Drivers/STM32L5xx_HAL_Driver/Src/stm32l5xx_hal_pcd_ex.o
 .debug_macro   0x00027298      0x244 ./Drivers/STM32L5xx_HAL_Driver/Src/stm32l5xx_hal_pwr_ex.o
 .debug_macro   0x000274dc      0x23e ./Drivers/STM32L5xx_HAL_Driver/Src/stm32l5xx_hal_rcc.o
 .debug_macro   0x0002771a      0x27a ./Drivers/STM32L5xx_HAL_Driver/Src/stm32l5xx_hal_rcc_ex.o
 .debug_macro   0x00027994      0x215 ./Drivers/STM32L5xx_HAL_Driver/Src/stm32l5xx_hal_tim.o
 .debug_macro   0x00027ba9      0x21a ./Drivers/STM32L5xx_HAL_Driver/Src/stm32l5xx_hal_tim_ex.o
 .debug_macro   0x00027dc3      0x23f ./Drivers/STM32L5xx_HAL_Driver/Src/stm32l5xx_hal_uart.o
 .debug_macro   0x00028002      0x220 ./Drivers/STM32L5xx_HAL_Driver/Src/stm32l5xx_hal_uart_ex.o
 .debug_macro   0x00028222      0x214 ./Drivers/STM32L5xx_HAL_Driver/Src/stm32l5xx_ll_usb.o
 .debug_macro   0x00028436      0x223 ./Src/main.o
 .debug_macro   0x00028659       0xf4 ./Src/main.o
 .debug_macro   0x0002874d      0x223 ./Src/stm32l5xx_hal_msp.o
 .debug_macro   0x00028970      0x214 ./Src/stm32l5xx_hal_timebase_tim.o
 .debug_macro   0x00028b84      0x22d ./Src/stm32l5xx_it.o
 .debug_macro   0x00028db1      0x214 ./Src/system_stm32l5xx.o

.debug_line     0x00000000    0x16dd6
 .debug_line    0x00000000      0xbf1 ./Drivers/STM32L5xx_HAL_Driver/Src/stm32l5xx_hal.o
 .debug_line    0x00000bf1      0xe0f ./Drivers/STM32L5xx_HAL_Driver/Src/stm32l5xx_hal_cortex.o
 .debug_line    0x00001a00      0xc16 ./Drivers/STM32L5xx_HAL_Driver/Src/stm32l5xx_hal_gpio.o
 .debug_line    0x00002616      0xac6 ./Drivers/STM32L5xx_HAL_Driver/Src/stm32l5xx_hal_icache.o
 .debug_line    0x000030dc     0x137b ./Drivers/STM32L5xx_HAL_Driver/Src/stm32l5xx_hal_pcd.o
 .debug_line    0x00004457      0x972 ./Drivers/STM32L5xx_HAL_Driver/Src/stm32l5xx_hal_pcd_ex.o
 .debug_line    0x00004dc9      0xf98 ./Drivers/STM32L5xx_HAL_Driver/Src/stm32l5xx_hal_pwr_ex.o
 .debug_line    0x00005d61     0x1414 ./Drivers/STM32L5xx_HAL_Driver/Src/stm32l5xx_hal_rcc.o
 .debug_line    0x00007175     0x1cb3 ./Drivers/STM32L5xx_HAL_Driver/Src/stm32l5xx_hal_rcc_ex.o
 .debug_line    0x00008e28     0x3ebf ./Drivers/STM32L5xx_HAL_Driver/Src/stm32l5xx_hal_tim.o
 .debug_line    0x0000cce7     0x1d09 ./Drivers/STM32L5xx_HAL_Driver/Src/stm32l5xx_hal_tim_ex.o
 .debug_line    0x0000e9f0     0x3634 ./Drivers/STM32L5xx_HAL_Driver/Src/stm32l5xx_hal_uart.o
 .debug_line    0x00012024      0xd3e ./Drivers/STM32L5xx_HAL_Driver/Src/stm32l5xx_hal_uart_ex.o
 .debug_line    0x00012d62     0x1165 ./Drivers/STM32L5xx_HAL_Driver/Src/stm32l5xx_ll_usb.o
 .debug_line    0x00013ec7      0xbcb ./Src/main.o
 .debug_line    0x00014a92      0x9ad ./Src/stm32l5xx_hal_msp.o
 .debug_line    0x0001543f      0x828 ./Src/stm32l5xx_hal_timebase_tim.o
 .debug_line    0x00015c67      0x88d ./Src/stm32l5xx_it.o
 .debug_line    0x000164f4      0x869 ./Src/system_stm32l5xx.o
 .debug_line    0x00016d5d       0x79 ./Startup/startup_stm32l552cetx.o

.debug_str      0x00000000   0x108e1b
 .debug_str     0x00000000   0x108e1b ./Drivers/STM32L5xx_HAL_Driver/Src/stm32l5xx_hal.o
                             0x103061 (size before relaxing)
 .debug_str     0x00108e1b   0x102ea0 ./Drivers/STM32L5xx_HAL_Driver/Src/stm32l5xx_hal_cortex.o
 .debug_str     0x00108e1b   0x102473 ./Drivers/STM32L5xx_HAL_Driver/Src/stm32l5xx_hal_gpio.o
 .debug_str     0x00108e1b   0x1028c6 ./Drivers/STM32L5xx_HAL_Driver/Src/stm32l5xx_hal_icache.o
 .debug_str     0x00108e1b   0x102b4a ./Drivers/STM32L5xx_HAL_Driver/Src/stm32l5xx_hal_pcd.o
 .debug_str     0x00108e1b   0x102786 ./Drivers/STM32L5xx_HAL_Driver/Src/stm32l5xx_hal_pcd_ex.o
 .debug_str     0x00108e1b   0x102c4f ./Drivers/STM32L5xx_HAL_Driver/Src/stm32l5xx_hal_pwr_ex.o
 .debug_str     0x00108e1b   0x102b04 ./Drivers/STM32L5xx_HAL_Driver/Src/stm32l5xx_hal_rcc.o
 .debug_str     0x00108e1b   0x10305a ./Drivers/STM32L5xx_HAL_Driver/Src/stm32l5xx_hal_rcc_ex.o
 .debug_str     0x00108e1b   0x103848 ./Drivers/STM32L5xx_HAL_Driver/Src/stm32l5xx_hal_tim.o
 .debug_str     0x00108e1b   0x1031e1 ./Drivers/STM32L5xx_HAL_Driver/Src/stm32l5xx_hal_tim_ex.o
 .debug_str     0x00108e1b   0x10342a ./Drivers/STM32L5xx_HAL_Driver/Src/stm32l5xx_hal_uart.o
 .debug_str     0x00108e1b   0x102bb8 ./Drivers/STM32L5xx_HAL_Driver/Src/stm32l5xx_hal_uart_ex.o
 .debug_str     0x00108e1b   0x102687 ./Drivers/STM32L5xx_HAL_Driver/Src/stm32l5xx_ll_usb.o
 .debug_str     0x00108e1b   0x1039b6 ./Src/main.o
 .debug_str     0x00108e1b   0x10379d ./Src/stm32l5xx_hal_msp.o
 .debug_str     0x00108e1b   0x103119 ./Src/stm32l5xx_hal_timebase_tim.o
 .debug_str     0x00108e1b   0x102c84 ./Src/stm32l5xx_it.o
 .debug_str     0x00108e1b   0x1024e5 ./Src/system_stm32l5xx.o
 .debug_str     0x00108e1b       0xa3 ./Startup/startup_stm32l552cetx.o

.comment        0x00000000       0x43
 .comment       0x00000000       0x43 ./Drivers/STM32L5xx_HAL_Driver/Src/stm32l5xx_hal.o
                                 0x44 (size before relaxing)
 .comment       0x00000043       0x44 ./Drivers/STM32L5xx_HAL_Driver/Src/stm32l5xx_hal_cortex.o
 .comment       0x00000043       0x44 ./Drivers/STM32L5xx_HAL_Driver/Src/stm32l5xx_hal_gpio.o
 .comment       0x00000043       0x44 ./Drivers/STM32L5xx_HAL_Driver/Src/stm32l5xx_hal_icache.o
 .comment       0x00000043       0x44 ./Drivers/STM32L5xx_HAL_Driver/Src/stm32l5xx_hal_pcd.o
 .comment       0x00000043       0x44 ./Drivers/STM32L5xx_HAL_Driver/Src/stm32l5xx_hal_pcd_ex.o
 .comment       0x00000043       0x44 ./Drivers/STM32L5xx_HAL_Driver/Src/stm32l5xx_hal_pwr_ex.o
 .comment       0x00000043       0x44 ./Drivers/STM32L5xx_HAL_Driver/Src/stm32l5xx_hal_rcc.o
 .comment       0x00000043       0x44 ./Drivers/STM32L5xx_HAL_Driver/Src/stm32l5xx_hal_rcc_ex.o
 .comment       0x00000043       0x44 ./Drivers/STM32L5xx_HAL_Driver/Src/stm32l5xx_hal_tim.o
 .comment       0x00000043       0x44 ./Drivers/STM32L5xx_HAL_Driver/Src/stm32l5xx_hal_tim_ex.o
 .comment       0x00000043       0x44 ./Drivers/STM32L5xx_HAL_Driver/Src/stm32l5xx_hal_uart.o
 .comment       0x00000043       0x44 ./Drivers/STM32L5xx_HAL_Driver/Src/stm32l5xx_hal_uart_ex.o
 .comment       0x00000043       0x44 ./Drivers/STM32L5xx_HAL_Driver/Src/stm32l5xx_ll_usb.o
 .comment       0x00000043       0x44 ./Src/main.o
 .comment       0x00000043       0x44 ./Src/stm32l5xx_hal_msp.o
 .comment       0x00000043       0x44 ./Src/stm32l5xx_hal_timebase_tim.o
 .comment       0x00000043       0x44 ./Src/stm32l5xx_it.o
 .comment       0x00000043       0x44 ./Src/system_stm32l5xx.o

.debug_frame    0x00000000     0x521c
 .debug_frame   0x00000000      0x4a4 ./Drivers/STM32L5xx_HAL_Driver/Src/stm32l5xx_hal.o
 .debug_frame   0x000004a4      0x558 ./Drivers/STM32L5xx_HAL_Driver/Src/stm32l5xx_hal_cortex.o
 .debug_frame   0x000009fc      0x174 ./Drivers/STM32L5xx_HAL_Driver/Src/stm32l5xx_hal_gpio.o
 .debug_frame   0x00000b70      0x298 ./Drivers/STM32L5xx_HAL_Driver/Src/stm32l5xx_hal_icache.o
 .debug_frame   0x00000e08      0x56c ./Drivers/STM32L5xx_HAL_Driver/Src/stm32l5xx_hal_pcd.o
 .debug_frame   0x00001374      0x14c ./Drivers/STM32L5xx_HAL_Driver/Src/stm32l5xx_hal_pcd_ex.o
 .debug_frame   0x000014c0      0x6fc ./Drivers/STM32L5xx_HAL_Driver/Src/stm32l5xx_hal_pwr_ex.o
 .debug_frame   0x00001bbc      0x298 ./Drivers/STM32L5xx_HAL_Driver/Src/stm32l5xx_hal_rcc.o
 .debug_frame   0x00001e54      0x48c ./Drivers/STM32L5xx_HAL_Driver/Src/stm32l5xx_hal_rcc_ex.o
 .debug_frame   0x000022e0     0x121c ./Drivers/STM32L5xx_HAL_Driver/Src/stm32l5xx_hal_tim.o
 .debug_frame   0x000034fc      0x6fc ./Drivers/STM32L5xx_HAL_Driver/Src/stm32l5xx_hal_tim_ex.o
 .debug_frame   0x00003bf8      0xa94 ./Drivers/STM32L5xx_HAL_Driver/Src/stm32l5xx_hal_uart.o
 .debug_frame   0x0000468c      0x2c0 ./Drivers/STM32L5xx_HAL_Driver/Src/stm32l5xx_hal_uart_ex.o
 .debug_frame   0x0000494c      0x380 ./Drivers/STM32L5xx_HAL_Driver/Src/stm32l5xx_ll_usb.o
 .debug_frame   0x00004ccc      0x170 ./Src/main.o
 .debug_frame   0x00004e3c      0x140 ./Src/stm32l5xx_hal_msp.o
 .debug_frame   0x00004f7c       0x74 ./Src/stm32l5xx_hal_timebase_tim.o
 .debug_frame   0x00004ff0      0x124 ./Src/stm32l5xx_it.o
 .debug_frame   0x00005114       0x58 ./Src/system_stm32l5xx.o
 .debug_frame   0x0000516c       0x20 /Applications/STMicroelectronics/STM32CubeIDE.app/Contents/Eclipse/plugins/com.st.stm32cube.ide.mcu.externaltools.gnu-tools-for-stm32.13.3.rel1.macos64_1.0.0.202411102158/tools/bin/../lib/gcc/arm-none-eabi/13.3.1/../../../../arm-none-eabi/lib/thumb/v8-m.main+fp/hard/libc_nano.a(libc_a-memset.o)
 .debug_frame   0x0000518c       0x2c /Applications/STMicroelectronics/STM32CubeIDE.app/Contents/Eclipse/plugins/com.st.stm32cube.ide.mcu.externaltools.gnu-tools-for-stm32.13.3.rel1.macos64_1.0.0.202411102158/tools/bin/../lib/gcc/arm-none-eabi/13.3.1/../../../../arm-none-eabi/lib/thumb/v8-m.main+fp/hard/libc_nano.a(libc_a-init.o)
 .debug_frame   0x000051b8       0x2c /Applications/STMicroelectronics/STM32CubeIDE.app/Contents/Eclipse/plugins/com.st.stm32cube.ide.mcu.externaltools.gnu-tools-for-stm32.13.3.rel1.macos64_1.0.0.202411102158/tools/bin/../lib/gcc/arm-none-eabi/13.3.1/thumb/v8-m.main+fp/hard/libgcc.a(_aeabi_uldivmod.o)
 .debug_frame   0x000051e4       0x38 /Applications/STMicroelectronics/STM32CubeIDE.app/Contents/Eclipse/plugins/com.st.stm32cube.ide.mcu.externaltools.gnu-tools-for-stm32.13.3.rel1.macos64_1.0.0.202411102158/tools/bin/../lib/gcc/arm-none-eabi/13.3.1/thumb/v8-m.main+fp/hard/libgcc.a(_udivmoddi4.o)

.debug_line_str
                0x00000000       0x87
 .debug_line_str
                0x00000000       0x87 ./Startup/startup_stm32l552cetx.o
